// Jest Snapshot v1, https://goo.gl/fbAQLP

exports[`Required prints correctly for missing required prop 1`] = `
Array [
  "REQUIRED should have required property 'id'
",
  "  1 | {
> 2 |   \\"nested\\": {}
    |             ^ ☹️  id is missing here!
  3 | }",
]
`;
